// Jest Snapshot v1, https://goo.gl/fbAQLP

exports[`should render startAddClientPage correctly 1`] = `
<startAddClientPage
  history={
    Object {
      "push": [MockFunction],
    }
  }
  startAddClient={[MockFunction]}
/>
`;
