// Jest Snapshot v1, https://goo.gl/fbAQLP

exports[`should render ClientDashboardPage 1`] = `
<div>
  <Connect(ClientListFilters) />
  <Connect(Component) />
</div>
`;
