// Jest Snapshot v1, https://goo.gl/fbAQLP

exports[`should render Header correclty 1`] = `
<header>
  <h1>
    Hrsoft
  </h1>
  <NavLink
    activeClassName="isActive"
    aria-current="page"
    exact={true}
    to="/"
  >
    Dashboard
  </NavLink>
  <NavLink
    activeClassName="isActive"
    aria-current="page"
    to="/create"
  >
    Add Client
  </NavLink>
</header>
`;
