// Jest Snapshot v1, https://goo.gl/fbAQLP

exports[`should render NotFoundPage 1`] = `
<div>
  <h2>
    404 - Page Not Found
  </h2>
  <Link
    replace={false}
    to="/"
  >
     Back to Dashboard 
  </Link>
</div>
`;
